#! /foss/tools/iverilog/bin/vvp
:ivl_version "13.0 (devel)" "(s20251012-46-gaad14df3-dirty)";
:ivl_delay_selection "TYPICAL";
:vpi_time_precision - 12;
:vpi_module "/foss/tools/iverilog/lib/ivl/system.vpi";
:vpi_module "/foss/tools/iverilog/lib/ivl/vhdl_sys.vpi";
:vpi_module "/foss/tools/iverilog/lib/ivl/vhdl_textio.vpi";
:vpi_module "/foss/tools/iverilog/lib/ivl/v2005_math.vpi";
:vpi_module "/foss/tools/iverilog/lib/ivl/va_math.vpi";
S_0x594c3ef42060 .scope module, "mcu_tb" "mcu_tb" 2 4;
 .timescale -9 -12;
v0x594c3ef6efe0_0 .var "clk", 0 0;
v0x594c3ef6f080_0 .var/i "i", 31 0;
v0x594c3ef6f140_0 .var "rst", 0 0;
S_0x594c3ef2f590 .scope module, "mcuuq" "mcu" 2 11, 3 4 0, S_0x594c3ef42060;
 .timescale -9 -12;
    .port_info 0 /INPUT 1 "clk";
    .port_info 1 /INPUT 1 "rst";
v0x594c3ef6e870_0 .net "clk", 0 0, v0x594c3ef6efe0_0;  1 drivers
L_0x70d9541f3018 .functor BUFT 1, C4<00000000000000000000000000000000>, C4<0>, C4<0>, C4<0>;
v0x594c3ef6e930_0 .net "daddr", 31 0, L_0x70d9541f3018;  1 drivers
o0x70d95423e3e8 .functor BUFZ 32, c4<zzzzzzzzzzzzzzzzzzzzzzzzzzzzzzzz>; HiZ drive
v0x594c3ef6e9f0_0 .net "ddata_in", 31 0, o0x70d95423e3e8;  0 drivers
L_0x70d9541f3060 .functor BUFT 1, C4<00000000000000000000000000000000>, C4<0>, C4<0>, C4<0>;
v0x594c3ef6eaf0_0 .net "ddata_out", 31 0, L_0x70d9541f3060;  1 drivers
L_0x70d9541f30f0 .functor BUFT 1, C4<0>, C4<0>, C4<0>, C4<0>;
v0x594c3ef6ebc0_0 .net "drd_en", 0 0, L_0x70d9541f30f0;  1 drivers
L_0x70d9541f30a8 .functor BUFT 1, C4<0>, C4<0>, C4<0>, C4<0>;
v0x594c3ef6ecb0_0 .net "dwr_en", 0 0, L_0x70d9541f30a8;  1 drivers
v0x594c3ef6ed80_0 .net "iaddr", 31 0, L_0x594c3ef46fd0;  1 drivers
v0x594c3ef6ee50_0 .net "instr", 31 0, v0x594c3ef47700_0;  1 drivers
v0x594c3ef6ef40_0 .net "rst", 0 0, v0x594c3ef6f140_0;  1 drivers
L_0x594c3ef8f620 .part L_0x594c3ef46fd0, 2, 12;
S_0x594c3ef2fdc0 .scope module, "IMEM" "rom4096x32" 3 34, 3 43 0, S_0x594c3ef2f590;
 .timescale -9 -12;
    .port_info 0 /INPUT 12 "addr";
    .port_info 1 /OUTPUT 32 "data";
v0x594c3ef470e0_0 .net "addr", 11 0, L_0x594c3ef8f620;  1 drivers
v0x594c3ef47700_0 .var "data", 31 0;
E_0x594c3ef13b50 .event anyedge, v0x594c3ef470e0_0;
S_0x594c3ef305f0 .scope module, "cpu" "riscv" 3 21, 4 3 0, S_0x594c3ef2f590;
 .timescale -9 -12;
    .port_info 0 /INPUT 1 "clk";
    .port_info 1 /INPUT 1 "rst";
    .port_info 2 /INPUT 32 "instr";
    .port_info 3 /OUTPUT 32 "iaddr";
    .port_info 4 /OUTPUT 32 "daddr";
    .port_info 5 /OUTPUT 32 "ddata_out";
    .port_info 6 /INPUT 32 "ddata_in";
    .port_info 7 /OUTPUT 1 "dwr_en";
    .port_info 8 /OUTPUT 1 "drd_en";
L_0x594c3ef46fd0 .functor BUFZ 32, v0x594c3ef6dcb0_0, C4<00000000000000000000000000000000>, C4<00000000000000000000000000000000>, C4<00000000000000000000000000000000>;
L_0x594c3ef475f0 .functor OR 1, L_0x594c3ef7fcf0, L_0x594c3ef7ffc0, C4<0>, C4<0>;
L_0x594c3ef80060 .functor OR 1, L_0x594c3ef475f0, L_0x594c3ef80210, C4<0>, C4<0>;
L_0x594c3ef80720 .functor OR 1, L_0x594c3ef80060, L_0x594c3ef805a0, C4<0>, C4<0>;
L_0x594c3ef80860 .functor AND 1, L_0x594c3ef7fac0, L_0x594c3ef80720, C4<1>, C4<1>;
L_0x594c3ef80e80 .functor OR 1, L_0x594c3ef80a10, L_0x594c3ef80c90, C4<0>, C4<0>;
L_0x594c3ef811d0 .functor OR 1, L_0x594c3ef80e80, L_0x594c3ef80fd0, C4<0>, C4<0>;
L_0x594c3ef812e0 .functor AND 1, L_0x594c3ef7fac0, L_0x594c3ef811d0, C4<1>, C4<1>;
L_0x594c3ef81960 .functor OR 1, L_0x594c3ef81490, L_0x594c3ef81740, C4<0>, C4<0>;
L_0x594c3ef81a70 .functor AND 1, L_0x594c3ef7fac0, L_0x594c3ef81960, C4<1>, C4<1>;
L_0x594c3ef81dc0 .functor AND 1, L_0x594c3ef7fac0, L_0x594c3ef81be0, C4<1>, C4<1>;
L_0x594c3ef82590 .functor OR 1, L_0x594c3ef81f20, L_0x594c3ef82310, C4<0>, C4<0>;
L_0x594c3ef82710 .functor AND 1, L_0x594c3ef7fac0, L_0x594c3ef82590, C4<1>, C4<1>;
L_0x594c3ef82ad0 .functor AND 1, L_0x594c3ef7fac0, L_0x594c3ef82870, C4<1>, C4<1>;
L_0x594c3ef826a0 .functor AND 1, L_0x594c3ef81dc0, L_0x594c3ef82b90, C4<1>, C4<1>;
L_0x594c3ef82f90 .functor AND 1, L_0x594c3ef81dc0, L_0x594c3ef82d70, C4<1>, C4<1>;
L_0x594c3ef83180 .functor AND 1, L_0x594c3ef81dc0, L_0x594c3ef830e0, C4<1>, C4<1>;
L_0x594c3ef83450 .functor AND 1, L_0x594c3ef81dc0, L_0x594c3ef831f0, C4<1>, C4<1>;
L_0x594c3ef836d0 .functor AND 1, L_0x594c3ef81dc0, L_0x594c3ef835b0, C4<1>, C4<1>;
L_0x594c3ef83a00 .functor AND 1, L_0x594c3ef81dc0, L_0x594c3ef83790, C4<1>, C4<1>;
L_0x594c3ef87780 .functor OR 1, L_0x594c3ef80860, L_0x594c3ef81a70, C4<0>, C4<0>;
L_0x594c3ef877f0 .functor OR 1, L_0x594c3ef87780, L_0x594c3ef81dc0, C4<0>, C4<0>;
L_0x594c3ef87970 .functor OR 1, L_0x594c3ef877f0, L_0x594c3ef82710, C4<0>, C4<0>;
L_0x594c3ef87a30 .functor OR 1, L_0x594c3ef87970, L_0x594c3ef82ad0, C4<0>, C4<0>;
L_0x594c3ef89790 .functor OR 1, L_0x594c3ef812e0, L_0x594c3ef80860, C4<0>, C4<0>;
L_0x594c3ef89850 .functor OR 1, L_0x594c3ef89790, L_0x594c3ef82710, C4<0>, C4<0>;
L_0x594c3ef899a0 .functor OR 1, L_0x594c3ef89850, L_0x594c3ef82ad0, C4<0>, C4<0>;
L_0x594c3ef8a4f0 .functor AND 1, L_0x594c3ef899a0, v0x594c3ef6e400_0, C4<1>, C4<1>;
L_0x594c3ef8a6a0 .functor BUFZ 32, L_0x594c3ef89d60, C4<00000000000000000000000000000000>, C4<00000000000000000000000000000000>, C4<00000000000000000000000000000000>;
L_0x594c3ef8bcc0 .functor OR 1, L_0x594c3ef882f0, L_0x594c3ef88ea0, C4<0>, C4<0>;
L_0x594c3ef8bed0 .functor OR 1, L_0x594c3ef88790, L_0x594c3ef89270, C4<0>, C4<0>;
L_0x594c3ef8bfe0 .functor OR 1, L_0x594c3ef88830, L_0x594c3ef89360, C4<0>, C4<0>;
L_0x594c3ef8ef50 .functor OR 1, L_0x594c3ef8e9f0, L_0x594c3ef82ad0, C4<0>, C4<0>;
v0x594c3ef63c10_0 .var "IR", 31 0;
v0x594c3ef63d10_0 .net *"_ivl_101", 4 0, L_0x594c3ef81b40;  1 drivers
L_0x70d9541f3408 .functor BUFT 1, C4<11000>, C4<0>, C4<0>, C4<0>;
v0x594c3ef63df0_0 .net/2u *"_ivl_102", 4 0, L_0x70d9541f3408;  1 drivers
v0x594c3ef63eb0_0 .net *"_ivl_104", 0 0, L_0x594c3ef81be0;  1 drivers
v0x594c3ef63f70_0 .net *"_ivl_109", 4 0, L_0x594c3ef81e80;  1 drivers
L_0x70d9541f3450 .functor BUFT 1, C4<00101>, C4<0>, C4<0>, C4<0>;
v0x594c3ef64050_0 .net/2u *"_ivl_110", 4 0, L_0x70d9541f3450;  1 drivers
v0x594c3ef64130_0 .net *"_ivl_112", 0 0, L_0x594c3ef81f20;  1 drivers
v0x594c3ef641f0_0 .net *"_ivl_115", 4 0, L_0x594c3ef82160;  1 drivers
L_0x70d9541f3498 .functor BUFT 1, C4<01101>, C4<0>, C4<0>, C4<0>;
v0x594c3ef642d0_0 .net/2u *"_ivl_116", 4 0, L_0x70d9541f3498;  1 drivers
v0x594c3ef643b0_0 .net *"_ivl_118", 0 0, L_0x594c3ef82310;  1 drivers
v0x594c3ef64470_0 .net *"_ivl_121", 0 0, L_0x594c3ef82590;  1 drivers
v0x594c3ef64530_0 .net *"_ivl_125", 4 0, L_0x594c3ef827d0;  1 drivers
L_0x70d9541f34e0 .functor BUFT 1, C4<11011>, C4<0>, C4<0>, C4<0>;
v0x594c3ef64610_0 .net/2u *"_ivl_126", 4 0, L_0x70d9541f34e0;  1 drivers
v0x594c3ef646f0_0 .net *"_ivl_128", 0 0, L_0x594c3ef82870;  1 drivers
L_0x70d9541f3528 .functor BUFT 1, C4<000>, C4<0>, C4<0>, C4<0>;
v0x594c3ef647b0_0 .net/2u *"_ivl_132", 2 0, L_0x70d9541f3528;  1 drivers
v0x594c3ef64890_0 .net *"_ivl_134", 0 0, L_0x594c3ef82b90;  1 drivers
L_0x70d9541f3570 .functor BUFT 1, C4<001>, C4<0>, C4<0>, C4<0>;
v0x594c3ef64950_0 .net/2u *"_ivl_138", 2 0, L_0x70d9541f3570;  1 drivers
v0x594c3ef64b40_0 .net *"_ivl_140", 0 0, L_0x594c3ef82d70;  1 drivers
L_0x70d9541f35b8 .functor BUFT 1, C4<100>, C4<0>, C4<0>, C4<0>;
v0x594c3ef64c00_0 .net/2u *"_ivl_144", 2 0, L_0x70d9541f35b8;  1 drivers
v0x594c3ef64ce0_0 .net *"_ivl_146", 0 0, L_0x594c3ef830e0;  1 drivers
L_0x70d9541f3600 .functor BUFT 1, C4<101>, C4<0>, C4<0>, C4<0>;
v0x594c3ef64da0_0 .net/2u *"_ivl_150", 2 0, L_0x70d9541f3600;  1 drivers
v0x594c3ef64e80_0 .net *"_ivl_152", 0 0, L_0x594c3ef831f0;  1 drivers
L_0x70d9541f3648 .functor BUFT 1, C4<110>, C4<0>, C4<0>, C4<0>;
v0x594c3ef64f40_0 .net/2u *"_ivl_156", 2 0, L_0x70d9541f3648;  1 drivers
v0x594c3ef65020_0 .net *"_ivl_158", 0 0, L_0x594c3ef835b0;  1 drivers
L_0x70d9541f3690 .functor BUFT 1, C4<111>, C4<0>, C4<0>, C4<0>;
v0x594c3ef650e0_0 .net/2u *"_ivl_162", 2 0, L_0x70d9541f3690;  1 drivers
v0x594c3ef651c0_0 .net *"_ivl_164", 0 0, L_0x594c3ef83790;  1 drivers
v0x594c3ef65280_0 .net *"_ivl_169", 0 0, L_0x594c3ef83510;  1 drivers
v0x594c3ef65360_0 .net *"_ivl_171", 20 0, L_0x594c3ef83b70;  1 drivers
v0x594c3ef65440_0 .net *"_ivl_173", 10 0, L_0x594c3ef83df0;  1 drivers
v0x594c3ef65520_0 .net *"_ivl_174", 31 0, L_0x594c3ef83e90;  1 drivers
v0x594c3ef65600_0 .net *"_ivl_177", 0 0, L_0x594c3ef84170;  1 drivers
v0x594c3ef656e0_0 .net *"_ivl_179", 20 0, L_0x594c3ef84210;  1 drivers
v0x594c3ef657c0_0 .net *"_ivl_181", 5 0, L_0x594c3ef84480;  1 drivers
v0x594c3ef65ab0_0 .net *"_ivl_183", 4 0, L_0x594c3ef84520;  1 drivers
v0x594c3ef65b90_0 .net *"_ivl_184", 31 0, L_0x594c3ef84780;  1 drivers
v0x594c3ef65c70_0 .net *"_ivl_187", 0 0, L_0x594c3ef84970;  1 drivers
v0x594c3ef65d50_0 .net *"_ivl_189", 19 0, L_0x594c3ef84bb0;  1 drivers
v0x594c3ef65e30_0 .net *"_ivl_191", 0 0, L_0x594c3ef84ca0;  1 drivers
v0x594c3ef65f10_0 .net *"_ivl_193", 5 0, L_0x594c3ef84ef0;  1 drivers
v0x594c3ef65ff0_0 .net *"_ivl_195", 3 0, L_0x594c3ef84f90;  1 drivers
L_0x70d9541f36d8 .functor BUFT 1, C4<0>, C4<0>, C4<0>, C4<0>;
v0x594c3ef660d0_0 .net/2u *"_ivl_196", 0 0, L_0x70d9541f36d8;  1 drivers
v0x594c3ef661b0_0 .net *"_ivl_198", 31 0, L_0x594c3ef85250;  1 drivers
v0x594c3ef66290_0 .net *"_ivl_201", 0 0, L_0x594c3ef854b0;  1 drivers
v0x594c3ef66370_0 .net *"_ivl_203", 10 0, L_0x594c3ef85720;  1 drivers
v0x594c3ef66450_0 .net *"_ivl_205", 7 0, L_0x594c3ef857c0;  1 drivers
L_0x70d9541f3720 .functor BUFT 1, C4<000000000000>, C4<0>, C4<0>, C4<0>;
v0x594c3ef66530_0 .net/2u *"_ivl_206", 11 0, L_0x70d9541f3720;  1 drivers
v0x594c3ef66610_0 .net *"_ivl_208", 31 0, L_0x594c3ef85a40;  1 drivers
v0x594c3ef666f0_0 .net *"_ivl_211", 0 0, L_0x594c3ef85c50;  1 drivers
v0x594c3ef667d0_0 .net *"_ivl_213", 11 0, L_0x594c3ef85ee0;  1 drivers
v0x594c3ef668b0_0 .net *"_ivl_215", 7 0, L_0x594c3ef85fd0;  1 drivers
v0x594c3ef66990_0 .net *"_ivl_217", 0 0, L_0x594c3ef86270;  1 drivers
v0x594c3ef66a70_0 .net *"_ivl_219", 5 0, L_0x594c3ef86310;  1 drivers
v0x594c3ef66b50_0 .net *"_ivl_221", 3 0, L_0x594c3ef865c0;  1 drivers
L_0x70d9541f3768 .functor BUFT 1, C4<0>, C4<0>, C4<0>, C4<0>;
v0x594c3ef66c30_0 .net/2u *"_ivl_222", 0 0, L_0x70d9541f3768;  1 drivers
v0x594c3ef66d10_0 .net *"_ivl_224", 31 0, L_0x594c3ef866c0;  1 drivers
L_0x70d9541f37b0 .functor BUFT 1, C4<00000000000000000000000000000000>, C4<0>, C4<0>, C4<0>;
v0x594c3ef66df0_0 .net/2u *"_ivl_226", 31 0, L_0x70d9541f37b0;  1 drivers
v0x594c3ef66ed0_0 .net *"_ivl_228", 31 0, L_0x594c3ef86b90;  1 drivers
v0x594c3ef66fb0_0 .net *"_ivl_23", 1 0, L_0x594c3ef7f980;  1 drivers
v0x594c3ef67090_0 .net *"_ivl_230", 31 0, L_0x594c3ef86d20;  1 drivers
v0x594c3ef67170_0 .net *"_ivl_232", 31 0, L_0x594c3ef870e0;  1 drivers
v0x594c3ef67250_0 .net *"_ivl_234", 31 0, L_0x594c3ef87220;  1 drivers
v0x594c3ef67330_0 .net *"_ivl_239", 0 0, L_0x594c3ef87780;  1 drivers
L_0x70d9541f3138 .functor BUFT 1, C4<11>, C4<0>, C4<0>, C4<0>;
v0x594c3ef673f0_0 .net/2u *"_ivl_24", 1 0, L_0x70d9541f3138;  1 drivers
v0x594c3ef674d0_0 .net *"_ivl_241", 0 0, L_0x594c3ef877f0;  1 drivers
v0x594c3ef67590_0 .net *"_ivl_243", 0 0, L_0x594c3ef87970;  1 drivers
v0x594c3ef67a60_0 .net *"_ivl_247", 0 0, L_0x594c3ef87bc0;  1 drivers
L_0x70d9541f37f8 .functor BUFT 1, C4<00000110011>, C4<0>, C4<0>, C4<0>;
v0x594c3ef67b40_0 .net/2u *"_ivl_252", 10 0, L_0x70d9541f37f8;  1 drivers
L_0x70d9541f3840 .functor BUFT 1, C4<10000110011>, C4<0>, C4<0>, C4<0>;
v0x594c3ef67c20_0 .net/2u *"_ivl_256", 10 0, L_0x70d9541f3840;  1 drivers
L_0x70d9541f3888 .functor BUFT 1, C4<01110110011>, C4<0>, C4<0>, C4<0>;
v0x594c3ef67d00_0 .net/2u *"_ivl_260", 10 0, L_0x70d9541f3888;  1 drivers
L_0x70d9541f38d0 .functor BUFT 1, C4<01100110011>, C4<0>, C4<0>, C4<0>;
v0x594c3ef67de0_0 .net/2u *"_ivl_264", 10 0, L_0x70d9541f38d0;  1 drivers
L_0x70d9541f3918 .functor BUFT 1, C4<01000110011>, C4<0>, C4<0>, C4<0>;
v0x594c3ef67ec0_0 .net/2u *"_ivl_268", 10 0, L_0x70d9541f3918;  1 drivers
L_0x70d9541f3960 .functor BUFT 1, C4<0000010011>, C4<0>, C4<0>, C4<0>;
v0x594c3ef67fa0_0 .net/2u *"_ivl_272", 9 0, L_0x70d9541f3960;  1 drivers
L_0x70d9541f39a8 .functor BUFT 1, C4<1110010011>, C4<0>, C4<0>, C4<0>;
v0x594c3ef68080_0 .net/2u *"_ivl_276", 9 0, L_0x70d9541f39a8;  1 drivers
L_0x70d9541f39f0 .functor BUFT 1, C4<1100010011>, C4<0>, C4<0>, C4<0>;
v0x594c3ef68160_0 .net/2u *"_ivl_280", 9 0, L_0x70d9541f39f0;  1 drivers
L_0x70d9541f3a38 .functor BUFT 1, C4<1000010011>, C4<0>, C4<0>, C4<0>;
v0x594c3ef68240_0 .net/2u *"_ivl_284", 9 0, L_0x70d9541f3a38;  1 drivers
v0x594c3ef68320_0 .net *"_ivl_289", 0 0, L_0x594c3ef89790;  1 drivers
v0x594c3ef683e0_0 .net *"_ivl_29", 4 0, L_0x594c3ef7fc50;  1 drivers
v0x594c3ef684c0_0 .net *"_ivl_291", 0 0, L_0x594c3ef89850;  1 drivers
L_0x70d9541f3180 .functor BUFT 1, C4<00000>, C4<0>, C4<0>, C4<0>;
v0x594c3ef68580_0 .net/2u *"_ivl_30", 4 0, L_0x70d9541f3180;  1 drivers
v0x594c3ef68660_0 .net *"_ivl_301", 0 0, L_0x594c3ef8bcc0;  1 drivers
L_0x70d9541f3de0 .functor BUFT 1, C4<000>, C4<0>, C4<0>, C4<0>;
v0x594c3ef68720_0 .net/2u *"_ivl_302", 2 0, L_0x70d9541f3de0;  1 drivers
L_0x70d9541f3e28 .functor BUFT 1, C4<001>, C4<0>, C4<0>, C4<0>;
v0x594c3ef68800_0 .net/2u *"_ivl_304", 2 0, L_0x70d9541f3e28;  1 drivers
v0x594c3ef688e0_0 .net *"_ivl_307", 0 0, L_0x594c3ef8bed0;  1 drivers
L_0x70d9541f3e70 .functor BUFT 1, C4<010>, C4<0>, C4<0>, C4<0>;
v0x594c3ef689a0_0 .net/2u *"_ivl_308", 2 0, L_0x70d9541f3e70;  1 drivers
v0x594c3ef68a80_0 .net *"_ivl_311", 0 0, L_0x594c3ef8bfe0;  1 drivers
L_0x70d9541f3eb8 .functor BUFT 1, C4<011>, C4<0>, C4<0>, C4<0>;
v0x594c3ef68b40_0 .net/2u *"_ivl_312", 2 0, L_0x70d9541f3eb8;  1 drivers
L_0x70d9541f3f00 .functor BUFT 1, C4<100>, C4<0>, C4<0>, C4<0>;
v0x594c3ef68c20_0 .net/2u *"_ivl_314", 2 0, L_0x70d9541f3f00;  1 drivers
v0x594c3ef68d00_0 .net *"_ivl_316", 2 0, L_0x594c3ef8c200;  1 drivers
v0x594c3ef68de0_0 .net *"_ivl_318", 2 0, L_0x594c3ef8c390;  1 drivers
v0x594c3ef68ec0_0 .net *"_ivl_32", 0 0, L_0x594c3ef7fcf0;  1 drivers
v0x594c3ef68f80_0 .net *"_ivl_320", 2 0, L_0x594c3ef8c7e0;  1 drivers
L_0x70d9541f3f48 .functor BUFT 1, C4<0>, C4<0>, C4<0>, C4<0>;
v0x594c3ef69060_0 .net/2u *"_ivl_340", 0 0, L_0x70d9541f3f48;  1 drivers
v0x594c3ef69140_0 .net *"_ivl_342", 0 0, L_0x594c3ef8dc90;  1 drivers
v0x594c3ef69220_0 .net *"_ivl_344", 0 0, L_0x594c3ef8dd80;  1 drivers
v0x594c3ef69300_0 .net *"_ivl_346", 0 0, L_0x594c3ef8e220;  1 drivers
v0x594c3ef693e0_0 .net *"_ivl_348", 0 0, L_0x594c3ef8e3b0;  1 drivers
v0x594c3ef694c0_0 .net *"_ivl_35", 4 0, L_0x594c3ef7fe90;  1 drivers
v0x594c3ef695a0_0 .net *"_ivl_350", 0 0, L_0x594c3ef8e860;  1 drivers
L_0x70d9541f3f90 .functor BUFT 1, C4<00000000000000000000000000000100>, C4<0>, C4<0>, C4<0>;
v0x594c3ef69680_0 .net/2u *"_ivl_354", 31 0, L_0x70d9541f3f90;  1 drivers
L_0x70d9541f31c8 .functor BUFT 1, C4<00001>, C4<0>, C4<0>, C4<0>;
v0x594c3ef69760_0 .net/2u *"_ivl_36", 4 0, L_0x70d9541f31c8;  1 drivers
v0x594c3ef69840_0 .net *"_ivl_361", 0 0, L_0x594c3ef8ef50;  1 drivers
v0x594c3ef69900_0 .net *"_ivl_38", 0 0, L_0x594c3ef7ffc0;  1 drivers
v0x594c3ef699c0_0 .net *"_ivl_41", 0 0, L_0x594c3ef475f0;  1 drivers
v0x594c3ef69a80_0 .net *"_ivl_43", 4 0, L_0x594c3ef80170;  1 drivers
L_0x70d9541f3210 .functor BUFT 1, C4<00100>, C4<0>, C4<0>, C4<0>;
v0x594c3ef69b60_0 .net/2u *"_ivl_44", 4 0, L_0x70d9541f3210;  1 drivers
v0x594c3ef69c40_0 .net *"_ivl_46", 0 0, L_0x594c3ef80210;  1 drivers
v0x594c3ef69d00_0 .net *"_ivl_49", 0 0, L_0x594c3ef80060;  1 drivers
v0x594c3ef69dc0_0 .net *"_ivl_51", 4 0, L_0x594c3ef80470;  1 drivers
L_0x70d9541f3258 .functor BUFT 1, C4<11001>, C4<0>, C4<0>, C4<0>;
v0x594c3ef69ea0_0 .net/2u *"_ivl_52", 4 0, L_0x70d9541f3258;  1 drivers
v0x594c3ef69f80_0 .net *"_ivl_54", 0 0, L_0x594c3ef805a0;  1 drivers
v0x594c3ef6a040_0 .net *"_ivl_57", 0 0, L_0x594c3ef80720;  1 drivers
v0x594c3ef6a100_0 .net *"_ivl_61", 4 0, L_0x594c3ef80970;  1 drivers
L_0x70d9541f32a0 .functor BUFT 1, C4<01100>, C4<0>, C4<0>, C4<0>;
v0x594c3ef6a1e0_0 .net/2u *"_ivl_62", 4 0, L_0x70d9541f32a0;  1 drivers
v0x594c3ef6a2c0_0 .net *"_ivl_64", 0 0, L_0x594c3ef80a10;  1 drivers
v0x594c3ef6a380_0 .net *"_ivl_67", 4 0, L_0x594c3ef80bf0;  1 drivers
L_0x70d9541f32e8 .functor BUFT 1, C4<01101>, C4<0>, C4<0>, C4<0>;
v0x594c3ef6a460_0 .net/2u *"_ivl_68", 4 0, L_0x70d9541f32e8;  1 drivers
v0x594c3ef6a540_0 .net *"_ivl_70", 0 0, L_0x594c3ef80c90;  1 drivers
v0x594c3ef6a600_0 .net *"_ivl_73", 0 0, L_0x594c3ef80e80;  1 drivers
v0x594c3ef6a6c0_0 .net *"_ivl_75", 4 0, L_0x594c3ef80b50;  1 drivers
L_0x70d9541f3330 .functor BUFT 1, C4<10100>, C4<0>, C4<0>, C4<0>;
v0x594c3ef6a7a0_0 .net/2u *"_ivl_76", 4 0, L_0x70d9541f3330;  1 drivers
v0x594c3ef6a880_0 .net *"_ivl_78", 0 0, L_0x594c3ef80fd0;  1 drivers
v0x594c3ef6a940_0 .net *"_ivl_81", 0 0, L_0x594c3ef811d0;  1 drivers
v0x594c3ef6aa00_0 .net *"_ivl_85", 4 0, L_0x594c3ef813f0;  1 drivers
L_0x70d9541f3378 .functor BUFT 1, C4<01000>, C4<0>, C4<0>, C4<0>;
v0x594c3ef6aae0_0 .net/2u *"_ivl_86", 4 0, L_0x70d9541f3378;  1 drivers
v0x594c3ef6abc0_0 .net *"_ivl_88", 0 0, L_0x594c3ef81490;  1 drivers
v0x594c3ef6ac80_0 .net *"_ivl_91", 4 0, L_0x594c3ef816a0;  1 drivers
L_0x70d9541f33c0 .functor BUFT 1, C4<01001>, C4<0>, C4<0>, C4<0>;
v0x594c3ef6ad60_0 .net/2u *"_ivl_92", 4 0, L_0x70d9541f33c0;  1 drivers
v0x594c3ef6ae40_0 .net *"_ivl_94", 0 0, L_0x594c3ef81740;  1 drivers
v0x594c3ef6af00_0 .net *"_ivl_97", 0 0, L_0x594c3ef81960;  1 drivers
v0x594c3ef6b7d0_0 .net "alu_a", 31 0, L_0x594c3ef8a6a0;  1 drivers
v0x594c3ef6b890_0 .net "alu_b", 31 0, L_0x594c3ef8a760;  1 drivers
v0x594c3ef6b930_0 .net "alu_out", 31 0, L_0x594c3ef8bac0;  1 drivers
v0x594c3ef6b9d0_0 .net "br_tgt_pc", 31 0, L_0x594c3ef8f060;  1 drivers
v0x594c3ef6bab0_0 .net "clk", 0 0, v0x594c3ef6efe0_0;  alias, 1 drivers
v0x594c3ef6bb50_0 .net "daddr", 31 0, L_0x70d9541f3018;  alias, 1 drivers
v0x594c3ef6bc10_0 .net "ddata_in", 31 0, o0x70d95423e3e8;  alias, 0 drivers
v0x594c3ef6bcf0_0 .net "ddata_out", 31 0, L_0x70d9541f3060;  alias, 1 drivers
v0x594c3ef6bdd0_0 .net "dec_bits", 10 0, L_0x594c3ef87f00;  1 drivers
v0x594c3ef6beb0_0 .net "dec_bits2", 9 0, L_0x594c3ef87ff0;  1 drivers
v0x594c3ef6bf90_0 .net "drd_en", 0 0, L_0x70d9541f30f0;  alias, 1 drivers
v0x594c3ef6c050_0 .net "dwr_en", 0 0, L_0x70d9541f30a8;  alias, 1 drivers
v0x594c3ef6c110_0 .net "eq", 0 0, L_0x594c3ef8cdd0;  1 drivers
v0x594c3ef6c1d0_0 .net "funct3", 2 0, L_0x594c3ef7f6a0;  1 drivers
v0x594c3ef6c2b0_0 .net "funct7", 6 0, L_0x594c3ef7f3d0;  1 drivers
v0x594c3ef6c390_0 .net "ge", 0 0, L_0x594c3ef8d3b0;  1 drivers
v0x594c3ef6c450_0 .net "geu", 0 0, L_0x594c3ef8d8f0;  1 drivers
v0x594c3ef6c510_0 .net "iaddr", 31 0, L_0x594c3ef46fd0;  alias, 1 drivers
v0x594c3ef6c5f0_0 .net "imm", 31 0, L_0x594c3ef875f0;  1 drivers
v0x594c3ef6c6d0_0 .net "imm_valid", 0 0, L_0x594c3ef87a30;  1 drivers
v0x594c3ef6c790_0 .net "instr", 31 0, v0x594c3ef47700_0;  alias, 1 drivers
v0x594c3ef6c850_0 .net "is_add", 0 0, L_0x594c3ef882f0;  1 drivers
v0x594c3ef6c8f0_0 .net "is_addi", 0 0, L_0x594c3ef88ea0;  1 drivers
v0x594c3ef6c9b0_0 .net "is_and", 0 0, L_0x594c3ef88790;  1 drivers
v0x594c3ef6ca70_0 .net "is_andi", 0 0, L_0x594c3ef89270;  1 drivers
v0x594c3ef6cb30_0 .net "is_b_instr", 0 0, L_0x594c3ef81dc0;  1 drivers
v0x594c3ef6cbf0_0 .net "is_beq", 0 0, L_0x594c3ef826a0;  1 drivers
v0x594c3ef6ccb0_0 .net "is_bge", 0 0, L_0x594c3ef83450;  1 drivers
v0x594c3ef6cd70_0 .net "is_bgeu", 0 0, L_0x594c3ef83a00;  1 drivers
v0x594c3ef6ce30_0 .net "is_blt", 0 0, L_0x594c3ef83180;  1 drivers
v0x594c3ef6cef0_0 .net "is_bltu", 0 0, L_0x594c3ef836d0;  1 drivers
v0x594c3ef6cfb0_0 .net "is_bne", 0 0, L_0x594c3ef82f90;  1 drivers
v0x594c3ef6d070_0 .net "is_i_instr", 0 0, L_0x594c3ef80860;  1 drivers
v0x594c3ef6d130_0 .net "is_j_instr", 0 0, L_0x594c3ef82ad0;  1 drivers
v0x594c3ef6d1f0_0 .net "is_or", 0 0, L_0x594c3ef88830;  1 drivers
v0x594c3ef6d2b0_0 .net "is_ori", 0 0, L_0x594c3ef89360;  1 drivers
v0x594c3ef6d370_0 .net "is_r_instr", 0 0, L_0x594c3ef812e0;  1 drivers
v0x594c3ef6d430_0 .net "is_s_instr", 0 0, L_0x594c3ef81a70;  1 drivers
v0x594c3ef6d4f0_0 .net "is_sub", 0 0, L_0x594c3ef88430;  1 drivers
v0x594c3ef6d5b0_0 .net "is_u_instr", 0 0, L_0x594c3ef82710;  1 drivers
v0x594c3ef6d670_0 .net "is_valid", 0 0, L_0x594c3ef7fac0;  1 drivers
v0x594c3ef6d730_0 .net "is_xor", 0 0, L_0x594c3ef88db0;  1 drivers
v0x594c3ef6d7f0_0 .net "is_xori", 0 0, L_0x594c3ef896a0;  1 drivers
v0x594c3ef6d8b0_0 .net "lt", 0 0, L_0x594c3ef8d310;  1 drivers
v0x594c3ef6d970_0 .net "ltu", 0 0, L_0x594c3ef8d740;  1 drivers
v0x594c3ef6da30_0 .net "ne", 0 0, L_0x594c3ef8cf90;  1 drivers
v0x594c3ef6daf0_0 .net "next_pc", 31 0, L_0x594c3ef8f490;  1 drivers
v0x594c3ef6dbd0_0 .net "opcode", 6 0, L_0x594c3ef7f8a0;  1 drivers
v0x594c3ef6dcb0_0 .var "pc", 31 0;
v0x594c3ef6dd90_0 .net "pc_plus_4", 31 0, L_0x594c3ef8eeb0;  1 drivers
v0x594c3ef6de70_0 .net "rd", 4 0, L_0x594c3ef7f800;  1 drivers
v0x594c3ef6df60_0 .net "rs1", 4 0, L_0x594c3ef7f5b0;  1 drivers
v0x594c3ef6e030_0 .net "rs2", 4 0, L_0x594c3ef7f470;  1 drivers
v0x594c3ef6e100_0 .net "rst", 0 0, v0x594c3ef6f140_0;  alias, 1 drivers
v0x594c3ef6e1a0_0 .net "src1_value", 31 0, L_0x594c3ef89d60;  1 drivers
v0x594c3ef6e290_0 .net "src2_value", 31 0, L_0x594c3ef8a2c0;  1 drivers
v0x594c3ef6e360_0 .var "state_decode", 0 0;
v0x594c3ef6e400_0 .var "state_execute", 0 0;
v0x594c3ef6e4c0_0 .var "state_fetch", 0 0;
v0x594c3ef6e580_0 .net "taken_br", 0 0, L_0x594c3ef8e9f0;  1 drivers
v0x594c3ef6e640_0 .net "wr_en_dec", 0 0, L_0x594c3ef899a0;  1 drivers
E_0x594c3ef12db0 .event negedge, v0x594c3ef61d70_0;
L_0x594c3ef7f3d0 .part v0x594c3ef63c10_0, 25, 7;
L_0x594c3ef7f470 .part v0x594c3ef63c10_0, 20, 5;
L_0x594c3ef7f5b0 .part v0x594c3ef63c10_0, 15, 5;
L_0x594c3ef7f6a0 .part v0x594c3ef63c10_0, 12, 3;
L_0x594c3ef7f800 .part v0x594c3ef63c10_0, 7, 5;
L_0x594c3ef7f8a0 .part v0x594c3ef63c10_0, 0, 7;
L_0x594c3ef7f980 .part L_0x594c3ef7f8a0, 0, 2;
L_0x594c3ef7fac0 .cmp/eq 2, L_0x594c3ef7f980, L_0x70d9541f3138;
L_0x594c3ef7fc50 .part L_0x594c3ef7f8a0, 2, 5;
L_0x594c3ef7fcf0 .cmp/eq 5, L_0x594c3ef7fc50, L_0x70d9541f3180;
L_0x594c3ef7fe90 .part L_0x594c3ef7f8a0, 2, 5;
L_0x594c3ef7ffc0 .cmp/eq 5, L_0x594c3ef7fe90, L_0x70d9541f31c8;
L_0x594c3ef80170 .part L_0x594c3ef7f8a0, 2, 5;
L_0x594c3ef80210 .cmp/eq 5, L_0x594c3ef80170, L_0x70d9541f3210;
L_0x594c3ef80470 .part L_0x594c3ef7f8a0, 2, 5;
L_0x594c3ef805a0 .cmp/eq 5, L_0x594c3ef80470, L_0x70d9541f3258;
L_0x594c3ef80970 .part L_0x594c3ef7f8a0, 2, 5;
L_0x594c3ef80a10 .cmp/eq 5, L_0x594c3ef80970, L_0x70d9541f32a0;
L_0x594c3ef80bf0 .part L_0x594c3ef7f8a0, 2, 5;
L_0x594c3ef80c90 .cmp/eq 5, L_0x594c3ef80bf0, L_0x70d9541f32e8;
L_0x594c3ef80b50 .part L_0x594c3ef7f8a0, 2, 5;
L_0x594c3ef80fd0 .cmp/eq 5, L_0x594c3ef80b50, L_0x70d9541f3330;
L_0x594c3ef813f0 .part L_0x594c3ef7f8a0, 2, 5;
L_0x594c3ef81490 .cmp/eq 5, L_0x594c3ef813f0, L_0x70d9541f3378;
L_0x594c3ef816a0 .part L_0x594c3ef7f8a0, 2, 5;
L_0x594c3ef81740 .cmp/eq 5, L_0x594c3ef816a0, L_0x70d9541f33c0;
L_0x594c3ef81b40 .part L_0x594c3ef7f8a0, 2, 5;
L_0x594c3ef81be0 .cmp/eq 5, L_0x594c3ef81b40, L_0x70d9541f3408;
L_0x594c3ef81e80 .part L_0x594c3ef7f8a0, 2, 5;
L_0x594c3ef81f20 .cmp/eq 5, L_0x594c3ef81e80, L_0x70d9541f3450;
L_0x594c3ef82160 .part L_0x594c3ef7f8a0, 2, 5;
L_0x594c3ef82310 .cmp/eq 5, L_0x594c3ef82160, L_0x70d9541f3498;
L_0x594c3ef827d0 .part L_0x594c3ef7f8a0, 2, 5;
L_0x594c3ef82870 .cmp/eq 5, L_0x594c3ef827d0, L_0x70d9541f34e0;
L_0x594c3ef82b90 .cmp/eq 3, L_0x594c3ef7f6a0, L_0x70d9541f3528;
L_0x594c3ef82d70 .cmp/eq 3, L_0x594c3ef7f6a0, L_0x70d9541f3570;
L_0x594c3ef830e0 .cmp/eq 3, L_0x594c3ef7f6a0, L_0x70d9541f35b8;
L_0x594c3ef831f0 .cmp/eq 3, L_0x594c3ef7f6a0, L_0x70d9541f3600;
L_0x594c3ef835b0 .cmp/eq 3, L_0x594c3ef7f6a0, L_0x70d9541f3648;
L_0x594c3ef83790 .cmp/eq 3, L_0x594c3ef7f6a0, L_0x70d9541f3690;
L_0x594c3ef83510 .part v0x594c3ef63c10_0, 31, 1;
L_0x594c3ef83b70 .repeat 21, 21, L_0x594c3ef83510;
L_0x594c3ef83df0 .part v0x594c3ef63c10_0, 20, 11;
L_0x594c3ef83e90 .concat [ 11 21 0 0], L_0x594c3ef83df0, L_0x594c3ef83b70;
L_0x594c3ef84170 .part v0x594c3ef63c10_0, 31, 1;
L_0x594c3ef84210 .repeat 21, 21, L_0x594c3ef84170;
L_0x594c3ef84480 .part v0x594c3ef63c10_0, 25, 6;
L_0x594c3ef84520 .part v0x594c3ef63c10_0, 7, 5;
L_0x594c3ef84780 .concat [ 5 6 21 0], L_0x594c3ef84520, L_0x594c3ef84480, L_0x594c3ef84210;
L_0x594c3ef84970 .part v0x594c3ef63c10_0, 31, 1;
L_0x594c3ef84bb0 .repeat 20, 20, L_0x594c3ef84970;
L_0x594c3ef84ca0 .part v0x594c3ef63c10_0, 7, 1;
L_0x594c3ef84ef0 .part v0x594c3ef63c10_0, 25, 6;
L_0x594c3ef84f90 .part v0x594c3ef63c10_0, 8, 4;
LS_0x594c3ef85250_0_0 .concat [ 1 4 6 1], L_0x70d9541f36d8, L_0x594c3ef84f90, L_0x594c3ef84ef0, L_0x594c3ef84ca0;
LS_0x594c3ef85250_0_4 .concat [ 20 0 0 0], L_0x594c3ef84bb0;
L_0x594c3ef85250 .concat [ 12 20 0 0], LS_0x594c3ef85250_0_0, LS_0x594c3ef85250_0_4;
L_0x594c3ef854b0 .part v0x594c3ef63c10_0, 31, 1;
L_0x594c3ef85720 .part v0x594c3ef63c10_0, 20, 11;
L_0x594c3ef857c0 .part v0x594c3ef63c10_0, 12, 8;
L_0x594c3ef85a40 .concat [ 12 8 11 1], L_0x70d9541f3720, L_0x594c3ef857c0, L_0x594c3ef85720, L_0x594c3ef854b0;
L_0x594c3ef85c50 .part v0x594c3ef63c10_0, 31, 1;
L_0x594c3ef85ee0 .repeat 12, 12, L_0x594c3ef85c50;
L_0x594c3ef85fd0 .part v0x594c3ef63c10_0, 12, 8;
L_0x594c3ef86270 .part v0x594c3ef63c10_0, 20, 1;
L_0x594c3ef86310 .part v0x594c3ef63c10_0, 25, 6;
L_0x594c3ef865c0 .part v0x594c3ef63c10_0, 21, 4;
LS_0x594c3ef866c0_0_0 .concat [ 1 4 6 1], L_0x70d9541f3768, L_0x594c3ef865c0, L_0x594c3ef86310, L_0x594c3ef86270;
LS_0x594c3ef866c0_0_4 .concat [ 8 12 0 0], L_0x594c3ef85fd0, L_0x594c3ef85ee0;
L_0x594c3ef866c0 .concat [ 12 20 0 0], LS_0x594c3ef866c0_0_0, LS_0x594c3ef866c0_0_4;
L_0x594c3ef86b90 .functor MUXZ 32, L_0x70d9541f37b0, L_0x594c3ef866c0, L_0x594c3ef82ad0, C4<>;
L_0x594c3ef86d20 .functor MUXZ 32, L_0x594c3ef86b90, L_0x594c3ef85a40, L_0x594c3ef82710, C4<>;
L_0x594c3ef870e0 .functor MUXZ 32, L_0x594c3ef86d20, L_0x594c3ef85250, L_0x594c3ef81dc0, C4<>;
L_0x594c3ef87220 .functor MUXZ 32, L_0x594c3ef870e0, L_0x594c3ef84780, L_0x594c3ef81a70, C4<>;
L_0x594c3ef875f0 .functor MUXZ 32, L_0x594c3ef87220, L_0x594c3ef83e90, L_0x594c3ef80860, C4<>;
L_0x594c3ef87bc0 .part L_0x594c3ef7f3d0, 5, 1;
L_0x594c3ef87f00 .concat [ 7 3 1 0], L_0x594c3ef7f8a0, L_0x594c3ef7f6a0, L_0x594c3ef87bc0;
L_0x594c3ef87ff0 .concat [ 7 3 0 0], L_0x594c3ef7f8a0, L_0x594c3ef7f6a0;
L_0x594c3ef882f0 .cmp/eq 11, L_0x594c3ef87f00, L_0x70d9541f37f8;
L_0x594c3ef88430 .cmp/eq 11, L_0x594c3ef87f00, L_0x70d9541f3840;
L_0x594c3ef88790 .cmp/eq 11, L_0x594c3ef87f00, L_0x70d9541f3888;
L_0x594c3ef88830 .cmp/eq 11, L_0x594c3ef87f00, L_0x70d9541f38d0;
L_0x594c3ef88db0 .cmp/eq 11, L_0x594c3ef87f00, L_0x70d9541f3918;
L_0x594c3ef88ea0 .cmp/eq 10, L_0x594c3ef87ff0, L_0x70d9541f3960;
L_0x594c3ef89270 .cmp/eq 10, L_0x594c3ef87ff0, L_0x70d9541f39a8;
L_0x594c3ef89360 .cmp/eq 10, L_0x594c3ef87ff0, L_0x70d9541f39f0;
L_0x594c3ef896a0 .cmp/eq 10, L_0x594c3ef87ff0, L_0x70d9541f3a38;
L_0x594c3ef8a760 .functor MUXZ 32, L_0x594c3ef8a2c0, L_0x594c3ef875f0, L_0x594c3ef87a30, C4<>;
L_0x594c3ef8c200 .functor MUXZ 3, L_0x70d9541f3f00, L_0x70d9541f3eb8, L_0x594c3ef8bfe0, C4<>;
L_0x594c3ef8c390 .functor MUXZ 3, L_0x594c3ef8c200, L_0x70d9541f3e70, L_0x594c3ef8bed0, C4<>;
L_0x594c3ef8c7e0 .functor MUXZ 3, L_0x594c3ef8c390, L_0x70d9541f3e28, L_0x594c3ef88430, C4<>;
L_0x594c3ef8c970 .functor MUXZ 3, L_0x594c3ef8c7e0, L_0x70d9541f3de0, L_0x594c3ef8bcc0, C4<>;
L_0x594c3ef8cdd0 .cmp/eq 32, L_0x594c3ef89d60, L_0x594c3ef8a2c0;
L_0x594c3ef8cf90 .cmp/ne 32, L_0x594c3ef89d60, L_0x594c3ef8a2c0;
L_0x594c3ef8d310 .cmp/gt.s 32, L_0x594c3ef8a2c0, L_0x594c3ef89d60;
L_0x594c3ef8d3b0 .cmp/ge.s 32, L_0x594c3ef89d60, L_0x594c3ef8a2c0;
L_0x594c3ef8d740 .cmp/gt 32, L_0x594c3ef8a2c0, L_0x594c3ef89d60;
L_0x594c3ef8d8f0 .cmp/ge 32, L_0x594c3ef89d60, L_0x594c3ef8a2c0;
L_0x594c3ef8dc90 .functor MUXZ 1, L_0x70d9541f3f48, L_0x594c3ef8d8f0, L_0x594c3ef83a00, C4<>;
L_0x594c3ef8dd80 .functor MUXZ 1, L_0x594c3ef8dc90, L_0x594c3ef8d740, L_0x594c3ef836d0, C4<>;
L_0x594c3ef8e220 .functor MUXZ 1, L_0x594c3ef8dd80, L_0x594c3ef8d3b0, L_0x594c3ef83450, C4<>;
L_0x594c3ef8e3b0 .functor MUXZ 1, L_0x594c3ef8e220, L_0x594c3ef8d310, L_0x594c3ef83180, C4<>;
L_0x594c3ef8e860 .functor MUXZ 1, L_0x594c3ef8e3b0, L_0x594c3ef8cf90, L_0x594c3ef82f90, C4<>;
L_0x594c3ef8e9f0 .functor MUXZ 1, L_0x594c3ef8e860, L_0x594c3ef8cdd0, L_0x594c3ef826a0, C4<>;
L_0x594c3ef8eeb0 .arith/sum 32, v0x594c3ef6dcb0_0, L_0x70d9541f3f90;
L_0x594c3ef8f060 .arith/sum 32, v0x594c3ef6dcb0_0, L_0x594c3ef875f0;
L_0x594c3ef8f490 .functor MUXZ 32, L_0x594c3ef8eeb0, L_0x594c3ef8f060, L_0x594c3ef8ef50, C4<>;
S_0x594c3ef30e00 .scope module, "rf" "registerfile" 4 140, 5 1 0, S_0x594c3ef305f0;
 .timescale -9 -12;
    .port_info 0 /INPUT 1 "clk";
    .port_info 1 /INPUT 1 "wr_en";
    .port_info 2 /INPUT 5 "wr_index";
    .port_info 3 /INPUT 32 "wr_data";
    .port_info 4 /INPUT 5 "rd_index1";
    .port_info 5 /INPUT 5 "rd_index2";
    .port_info 6 /OUTPUT 32 "rd_data1";
    .port_info 7 /OUTPUT 32 "rd_data2";
v0x594c3ef61220 .array "RF", 31 0, 31 0;
L_0x70d9541f3a80 .functor BUFT 1, C4<00000>, C4<0>, C4<0>, C4<0>;
v0x594c3ef61300_0 .net/2u *"_ivl_0", 4 0, L_0x70d9541f3a80;  1 drivers
L_0x70d9541f3b10 .functor BUFT 1, C4<00>, C4<0>, C4<0>, C4<0>;
v0x594c3ef613e0_0 .net *"_ivl_11", 1 0, L_0x70d9541f3b10;  1 drivers
L_0x70d9541f3b58 .functor BUFT 1, C4<00000>, C4<0>, C4<0>, C4<0>;
v0x594c3ef614a0_0 .net/2u *"_ivl_14", 4 0, L_0x70d9541f3b58;  1 drivers
v0x594c3ef61580_0 .net *"_ivl_16", 0 0, L_0x594c3ef89f70;  1 drivers
L_0x70d9541f3ba0 .functor BUFT 1, C4<00000000000000000000000000000000>, C4<0>, C4<0>, C4<0>;
v0x594c3ef61690_0 .net/2u *"_ivl_18", 31 0, L_0x70d9541f3ba0;  1 drivers
v0x594c3ef61770_0 .net *"_ivl_2", 0 0, L_0x594c3ef89aa0;  1 drivers
v0x594c3ef61830_0 .net *"_ivl_20", 31 0, L_0x594c3ef8a060;  1 drivers
v0x594c3ef61910_0 .net *"_ivl_22", 6 0, L_0x594c3ef8a140;  1 drivers
L_0x70d9541f3be8 .functor BUFT 1, C4<00>, C4<0>, C4<0>, C4<0>;
v0x594c3ef619f0_0 .net *"_ivl_25", 1 0, L_0x70d9541f3be8;  1 drivers
L_0x70d9541f3ac8 .functor BUFT 1, C4<00000000000000000000000000000000>, C4<0>, C4<0>, C4<0>;
v0x594c3ef61ad0_0 .net/2u *"_ivl_4", 31 0, L_0x70d9541f3ac8;  1 drivers
v0x594c3ef61bb0_0 .net *"_ivl_6", 31 0, L_0x594c3ef89b40;  1 drivers
v0x594c3ef61c90_0 .net *"_ivl_8", 6 0, L_0x594c3ef89be0;  1 drivers
v0x594c3ef61d70_0 .net "clk", 0 0, v0x594c3ef6efe0_0;  alias, 1 drivers
v0x594c3ef61e30_0 .var/i "i", 31 0;
v0x594c3ef61f10_0 .net "rd_data1", 31 0, L_0x594c3ef89d60;  alias, 1 drivers
v0x594c3ef61ff0_0 .net "rd_data2", 31 0, L_0x594c3ef8a2c0;  alias, 1 drivers
v0x594c3ef620d0_0 .net "rd_index1", 4 0, L_0x594c3ef7f5b0;  alias, 1 drivers
v0x594c3ef621b0_0 .net "rd_index2", 4 0, L_0x594c3ef7f470;  alias, 1 drivers
v0x594c3ef62290_0 .net "wr_data", 31 0, L_0x594c3ef8bac0;  alias, 1 drivers
v0x594c3ef62370_0 .net "wr_en", 0 0, L_0x594c3ef8a4f0;  1 drivers
v0x594c3ef62430_0 .net "wr_index", 4 0, L_0x594c3ef7f800;  alias, 1 drivers
E_0x594c3ef13260 .event posedge, v0x594c3ef61d70_0;
L_0x594c3ef89aa0 .cmp/eq 5, L_0x594c3ef7f5b0, L_0x70d9541f3a80;
L_0x594c3ef89b40 .array/port v0x594c3ef61220, L_0x594c3ef89be0;
L_0x594c3ef89be0 .concat [ 5 2 0 0], L_0x594c3ef7f5b0, L_0x70d9541f3b10;
L_0x594c3ef89d60 .functor MUXZ 32, L_0x594c3ef89b40, L_0x70d9541f3ac8, L_0x594c3ef89aa0, C4<>;
L_0x594c3ef89f70 .cmp/eq 5, L_0x594c3ef7f470, L_0x70d9541f3b58;
L_0x594c3ef8a060 .array/port v0x594c3ef61220, L_0x594c3ef8a140;
L_0x594c3ef8a140 .concat [ 5 2 0 0], L_0x594c3ef7f470, L_0x70d9541f3be8;
L_0x594c3ef8a2c0 .functor MUXZ 32, L_0x594c3ef8a060, L_0x70d9541f3ba0, L_0x594c3ef89f70, C4<>;
S_0x594c3ef31610 .scope module, "rv_alu" "alu" 4 154, 6 1 0, S_0x594c3ef305f0;
 .timescale -9 -12;
    .port_info 0 /INPUT 32 "a";
    .port_info 1 /INPUT 32 "b";
    .port_info 2 /INPUT 3 "op";
    .port_info 3 /OUTPUT 32 "ALU_out";
L_0x594c3ef8ad30 .functor AND 32, L_0x594c3ef8a6a0, L_0x594c3ef8a760, C4<11111111111111111111111111111111>, C4<11111111111111111111111111111111>;
L_0x594c3ef8b270 .functor OR 32, L_0x594c3ef8a6a0, L_0x594c3ef8a760, C4<00000000000000000000000000000000>, C4<00000000000000000000000000000000>;
L_0x594c3ef8b380 .functor XOR 32, L_0x594c3ef8a6a0, L_0x594c3ef8a760, C4<00000000000000000000000000000000>, C4<00000000000000000000000000000000>;
v0x594c3ef62630_0 .net "ALU_out", 31 0, L_0x594c3ef8bac0;  alias, 1 drivers
L_0x70d9541f3c30 .functor BUFT 1, C4<000>, C4<0>, C4<0>, C4<0>;
v0x594c3ef626f0_0 .net/2u *"_ivl_0", 2 0, L_0x70d9541f3c30;  1 drivers
v0x594c3ef627b0_0 .net *"_ivl_10", 31 0, L_0x594c3ef8aee0;  1 drivers
L_0x70d9541f3cc0 .functor BUFT 1, C4<010>, C4<0>, C4<0>, C4<0>;
v0x594c3ef62870_0 .net/2u *"_ivl_12", 2 0, L_0x70d9541f3cc0;  1 drivers
v0x594c3ef62950_0 .net *"_ivl_14", 0 0, L_0x594c3ef8b0a0;  1 drivers
v0x594c3ef62a60_0 .net *"_ivl_16", 31 0, L_0x594c3ef8ad30;  1 drivers
L_0x70d9541f3d08 .functor BUFT 1, C4<011>, C4<0>, C4<0>, C4<0>;
v0x594c3ef62b40_0 .net/2u *"_ivl_18", 2 0, L_0x70d9541f3d08;  1 drivers
v0x594c3ef62c20_0 .net *"_ivl_2", 0 0, L_0x594c3ef8aba0;  1 drivers
v0x594c3ef62ce0_0 .net *"_ivl_20", 0 0, L_0x594c3ef8b140;  1 drivers
v0x594c3ef62da0_0 .net *"_ivl_22", 31 0, L_0x594c3ef8b270;  1 drivers
L_0x70d9541f3d50 .functor BUFT 1, C4<100>, C4<0>, C4<0>, C4<0>;
v0x594c3ef62e80_0 .net/2u *"_ivl_24", 2 0, L_0x70d9541f3d50;  1 drivers
v0x594c3ef62f60_0 .net *"_ivl_26", 0 0, L_0x594c3ef8b2e0;  1 drivers
v0x594c3ef63020_0 .net *"_ivl_28", 31 0, L_0x594c3ef8b380;  1 drivers
L_0x70d9541f3d98 .functor BUFT 1, C4<00000000000000000000000000000000>, C4<0>, C4<0>, C4<0>;
v0x594c3ef63100_0 .net/2u *"_ivl_30", 31 0, L_0x70d9541f3d98;  1 drivers
v0x594c3ef631e0_0 .net *"_ivl_32", 31 0, L_0x594c3ef8b3f0;  1 drivers
v0x594c3ef632c0_0 .net *"_ivl_34", 31 0, L_0x594c3ef8b600;  1 drivers
v0x594c3ef633a0_0 .net *"_ivl_36", 31 0, L_0x594c3ef8b790;  1 drivers
v0x594c3ef63590_0 .net *"_ivl_38", 31 0, L_0x594c3ef8b930;  1 drivers
v0x594c3ef63670_0 .net *"_ivl_4", 31 0, L_0x594c3ef8ac90;  1 drivers
L_0x70d9541f3c78 .functor BUFT 1, C4<001>, C4<0>, C4<0>, C4<0>;
v0x594c3ef63750_0 .net/2u *"_ivl_6", 2 0, L_0x70d9541f3c78;  1 drivers
v0x594c3ef63830_0 .net *"_ivl_8", 0 0, L_0x594c3ef8ada0;  1 drivers
v0x594c3ef638f0_0 .net "a", 31 0, L_0x594c3ef8a6a0;  alias, 1 drivers
v0x594c3ef639d0_0 .net "b", 31 0, L_0x594c3ef8a760;  alias, 1 drivers
v0x594c3ef63ab0_0 .net "op", 2 0, L_0x594c3ef8c970;  1 drivers
L_0x594c3ef8aba0 .cmp/eq 3, L_0x594c3ef8c970, L_0x70d9541f3c30;
L_0x594c3ef8ac90 .arith/sum 32, L_0x594c3ef8a6a0, L_0x594c3ef8a760;
L_0x594c3ef8ada0 .cmp/eq 3, L_0x594c3ef8c970, L_0x70d9541f3c78;
L_0x594c3ef8aee0 .arith/sub 32, L_0x594c3ef8a6a0, L_0x594c3ef8a760;
L_0x594c3ef8b0a0 .cmp/eq 3, L_0x594c3ef8c970, L_0x70d9541f3cc0;
L_0x594c3ef8b140 .cmp/eq 3, L_0x594c3ef8c970, L_0x70d9541f3d08;
L_0x594c3ef8b2e0 .cmp/eq 3, L_0x594c3ef8c970, L_0x70d9541f3d50;
L_0x594c3ef8b3f0 .functor MUXZ 32, L_0x70d9541f3d98, L_0x594c3ef8b380, L_0x594c3ef8b2e0, C4<>;
L_0x594c3ef8b600 .functor MUXZ 32, L_0x594c3ef8b3f0, L_0x594c3ef8b270, L_0x594c3ef8b140, C4<>;
L_0x594c3ef8b790 .functor MUXZ 32, L_0x594c3ef8b600, L_0x594c3ef8ad30, L_0x594c3ef8b0a0, C4<>;
L_0x594c3ef8b930 .functor MUXZ 32, L_0x594c3ef8b790, L_0x594c3ef8aee0, L_0x594c3ef8ada0, C4<>;
L_0x594c3ef8bac0 .functor MUXZ 32, L_0x594c3ef8b930, L_0x594c3ef8ac90, L_0x594c3ef8aba0, C4<>;
    .scope S_0x594c3ef30e00;
T_0 ;
    %pushi/vec4 0, 0, 32;
    %store/vec4 v0x594c3ef61e30_0, 0, 32;
T_0.0 ; Top of for-loop
    %load/vec4 v0x594c3ef61e30_0;
    %cmpi/s 32, 0, 32;
	  %jmp/0xz T_0.1, 5;
    %pushi/vec4 0, 0, 32;
    %ix/getv/s 4, v0x594c3ef61e30_0;
    %store/vec4a v0x594c3ef61220, 4, 0;
T_0.2 ; for-loop step statement
    %load/vec4 v0x594c3ef61e30_0;
    %addi 1, 0, 32;
    %store/vec4 v0x594c3ef61e30_0, 0, 32;
    %jmp T_0.0;
T_0.1 ; for-loop exit label
    %end;
    .thread T_0;
    .scope S_0x594c3ef30e00;
T_1 ;
    %wait E_0x594c3ef13260;
    %load/vec4 v0x594c3ef62370_0;
    %flag_set/vec4 9;
    %flag_get/vec4 9;
    %jmp/0 T_1.2, 9;
    %load/vec4 v0x594c3ef62430_0;
    %pushi/vec4 0, 0, 5;
    %cmp/ne;
    %flag_get/vec4 4;
    %and;
T_1.2;
    %flag_set/vec4 8;
    %jmp/0xz  T_1.0, 8;
    %load/vec4 v0x594c3ef62290_0;
    %load/vec4 v0x594c3ef62430_0;
    %pad/u 7;
    %ix/vec4 3;
    %ix/load 4, 0, 0; Constant delay
    %assign/vec4/a/d v0x594c3ef61220, 0, 4;
T_1.0 ;
    %pushi/vec4 0, 0, 32;
    %ix/load 3, 0, 0;
    %flag_set/imm 4, 0;
    %ix/load 4, 0, 0; Constant delay
    %assign/vec4/a/d v0x594c3ef61220, 0, 4;
    %jmp T_1;
    .thread T_1;
    .scope S_0x594c3ef305f0;
T_2 ;
    %wait E_0x594c3ef12db0;
    %load/vec4 v0x594c3ef6e100_0;
    %flag_set/vec4 8;
    %jmp/0xz  T_2.0, 8;
    %pushi/vec4 1, 0, 1;
    %assign/vec4 v0x594c3ef6e4c0_0, 0;
    %pushi/vec4 0, 0, 1;
    %assign/vec4 v0x594c3ef6e360_0, 0;
    %pushi/vec4 0, 0, 1;
    %assign/vec4 v0x594c3ef6e400_0, 0;
    %jmp T_2.1;
T_2.0 ;
    %load/vec4 v0x594c3ef6e400_0;
    %assign/vec4 v0x594c3ef6e4c0_0, 0;
    %load/vec4 v0x594c3ef6e4c0_0;
    %assign/vec4 v0x594c3ef6e360_0, 0;
    %load/vec4 v0x594c3ef6e360_0;
    %assign/vec4 v0x594c3ef6e400_0, 0;
T_2.1 ;
    %jmp T_2;
    .thread T_2;
    .scope S_0x594c3ef305f0;
T_3 ;
    %wait E_0x594c3ef13260;
    %load/vec4 v0x594c3ef6e100_0;
    %flag_set/vec4 8;
    %jmp/0xz  T_3.0, 8;
    %pushi/vec4 0, 0, 32;
    %assign/vec4 v0x594c3ef63c10_0, 0;
    %jmp T_3.1;
T_3.0 ;
    %load/vec4 v0x594c3ef6e4c0_0;
    %flag_set/vec4 8;
    %jmp/0xz  T_3.2, 8;
    %load/vec4 v0x594c3ef6c790_0;
    %assign/vec4 v0x594c3ef63c10_0, 0;
T_3.2 ;
T_3.1 ;
    %jmp T_3;
    .thread T_3;
    .scope S_0x594c3ef305f0;
T_4 ;
    %wait E_0x594c3ef13260;
    %load/vec4 v0x594c3ef6e100_0;
    %flag_set/vec4 8;
    %jmp/0xz  T_4.0, 8;
    %pushi/vec4 0, 0, 32;
    %assign/vec4 v0x594c3ef6dcb0_0, 0;
    %jmp T_4.1;
T_4.0 ;
    %load/vec4 v0x594c3ef6e400_0;
    %flag_set/vec4 8;
    %jmp/0xz  T_4.2, 8;
    %load/vec4 v0x594c3ef6daf0_0;
    %assign/vec4 v0x594c3ef6dcb0_0, 0;
T_4.2 ;
T_4.1 ;
    %jmp T_4;
    .thread T_4;
    .scope S_0x594c3ef2fdc0;
T_5 ;
    %wait E_0x594c3ef13b50;
    %load/vec4 v0x594c3ef470e0_0;
    %dup/vec4;
    %pushi/vec4 0, 0, 12;
    %cmp/u;
    %jmp/1 T_5.0, 6;
    %dup/vec4;
    %pushi/vec4 1, 0, 12;
    %cmp/u;
    %jmp/1 T_5.1, 6;
    %dup/vec4;
    %pushi/vec4 2, 0, 12;
    %cmp/u;
    %jmp/1 T_5.2, 6;
    %dup/vec4;
    %pushi/vec4 3, 0, 12;
    %cmp/u;
    %jmp/1 T_5.3, 6;
    %dup/vec4;
    %pushi/vec4 4, 0, 12;
    %cmp/u;
    %jmp/1 T_5.4, 6;
    %dup/vec4;
    %pushi/vec4 5, 0, 12;
    %cmp/u;
    %jmp/1 T_5.5, 6;
    %dup/vec4;
    %pushi/vec4 6, 0, 12;
    %cmp/u;
    %jmp/1 T_5.6, 6;
    %pushi/vec4 19, 0, 32;
    %store/vec4 v0x594c3ef47700_0, 0, 32;
    %jmp T_5.8;
T_5.0 ;
    %pushi/vec4 435, 0, 32;
    %store/vec4 v0x594c3ef47700_0, 0, 32;
    %jmp T_5.8;
T_5.1 ;
    %pushi/vec4 691, 0, 32;
    %store/vec4 v0x594c3ef47700_0, 0, 32;
    %jmp T_5.8;
T_5.2 ;
    %pushi/vec4 5243667, 0, 32;
    %store/vec4 v0x594c3ef47700_0, 0, 32;
    %jmp T_5.8;
T_5.3 ;
    %pushi/vec4 5407155, 0, 32;
    %store/vec4 v0x594c3ef47700_0, 0, 32;
    %jmp T_5.8;
T_5.4 ;
    %pushi/vec4 1213075, 0, 32;
    %store/vec4 v0x594c3ef47700_0, 0, 32;
    %jmp T_5.8;
T_5.5 ;
    %pushi/vec4 4267887843, 0, 32;
    %store/vec4 v0x594c3ef47700_0, 0, 32;
    %jmp T_5.8;
T_5.6 ;
    %pushi/vec4 99859, 0, 32;
    %store/vec4 v0x594c3ef47700_0, 0, 32;
    %jmp T_5.8;
T_5.8 ;
    %pop/vec4 1;
    %jmp T_5;
    .thread T_5, $push;
    .scope S_0x594c3ef42060;
T_6 ;
    %vpi_call 2 21 "$dumpfile", "tb_mcu.vcd" {0 0 0};
    %vpi_call 2 22 "$dumpvars", 32'sb00000000000000000000000000000000, S_0x594c3ef42060 {0 0 0};
    %pushi/vec4 0, 0, 32;
    %store/vec4 v0x594c3ef6f080_0, 0, 32;
T_6.0 ; Top of for-loop
    %load/vec4 v0x594c3ef6f080_0;
    %cmpi/s 32, 0, 32;
	  %jmp/0xz T_6.1, 5;
    %vpi_call 2 26 "$dumpvars", 32'sb00000000000000000000000000000000, &A<v0x594c3ef61220, v0x594c3ef6f080_0 > {0 0 0};
T_6.2 ; for-loop step statement
    %load/vec4 v0x594c3ef6f080_0;
    %addi 1, 0, 32;
    %store/vec4 v0x594c3ef6f080_0, 0, 32;
    %jmp T_6.0;
T_6.1 ; for-loop exit label
    %delay 0, 0;
    %pushi/vec4 0, 0, 1;
    %store/vec4 v0x594c3ef6efe0_0, 0, 1;
    %pushi/vec4 1, 0, 1;
    %store/vec4 v0x594c3ef6f140_0, 0, 1;
    %delay 93000, 0;
    %pushi/vec4 0, 0, 1;
    %store/vec4 v0x594c3ef6f140_0, 0, 1;
    %delay 240000, 0;
    %delay 16000, 0;
    %vpi_call 2 39 "$finish" {0 0 0};
    %end;
    .thread T_6;
    .scope S_0x594c3ef42060;
T_7 ;
    %delay 2000, 0;
    %load/vec4 v0x594c3ef6efe0_0;
    %nor/r;
    %store/vec4 v0x594c3ef6efe0_0, 0, 1;
    %jmp T_7;
    .thread T_7;
# The file index is used to find the file name in the following table.
:file_names 7;
    "N/A";
    "<interactive>";
    "mcu_tb.v";
    "mcu.v";
    "riscv.v";
    "registerfile.v";
    "alu.v";
